------------------------------------------------------------
TimeQuest Timing Analyzer Summary
------------------------------------------------------------

Type  : Slow Model Setup 'ctrl:ctrl|CmdULA[0]'
Slack : -4.130
TNS   : -30.705

Type  : Slow Model Setup 'clk'
Slack : -2.661
TNS   : -236.950

Type  : Slow Model Setup 'ctrl:ctrl|LdPC'
Slack : -1.902
TNS   : -12.582

Type  : Slow Model Setup 'ctrl:ctrl|LdOUTPUT'
Slack : -0.545
TNS   : -2.678

Type  : Slow Model Hold 'clk'
Slack : -2.767
TNS   : -2.767

Type  : Slow Model Hold 'ctrl:ctrl|CmdULA[0]'
Slack : -1.812
TNS   : -13.178

Type  : Slow Model Hold 'ctrl:ctrl|LdOUTPUT'
Slack : 0.478
TNS   : 0.000

Type  : Slow Model Hold 'ctrl:ctrl|LdPC'
Slack : 0.808
TNS   : 0.000

Type  : Slow Model Minimum Pulse Width 'clk'
Slack : -1.423
TNS   : -160.684

Type  : Slow Model Minimum Pulse Width 'ctrl:ctrl|LdOUTPUT'
Slack : -0.500
TNS   : -8.000

Type  : Slow Model Minimum Pulse Width 'ctrl:ctrl|LdPC'
Slack : -0.500
TNS   : -8.000

Type  : Slow Model Minimum Pulse Width 'ctrl:ctrl|CmdULA[0]'
Slack : 0.500
TNS   : 0.000

Type  : Fast Model Setup 'ctrl:ctrl|CmdULA[0]'
Slack : -1.283
TNS   : -9.040

Type  : Fast Model Setup 'clk'
Slack : -0.979
TNS   : -65.548

Type  : Fast Model Setup 'ctrl:ctrl|LdPC'
Slack : -0.415
TNS   : -2.006

Type  : Fast Model Setup 'ctrl:ctrl|LdOUTPUT'
Slack : 0.385
TNS   : 0.000

Type  : Fast Model Hold 'clk'
Slack : -1.746
TNS   : -1.746

Type  : Fast Model Hold 'ctrl:ctrl|CmdULA[0]'
Slack : -1.272
TNS   : -9.432

Type  : Fast Model Hold 'ctrl:ctrl|LdOUTPUT'
Slack : 0.110
TNS   : 0.000

Type  : Fast Model Hold 'ctrl:ctrl|LdPC'
Slack : 0.361
TNS   : 0.000

Type  : Fast Model Minimum Pulse Width 'clk'
Slack : -1.423
TNS   : -160.684

Type  : Fast Model Minimum Pulse Width 'ctrl:ctrl|LdOUTPUT'
Slack : -0.500
TNS   : -8.000

Type  : Fast Model Minimum Pulse Width 'ctrl:ctrl|LdPC'
Slack : -0.500
TNS   : -8.000

Type  : Fast Model Minimum Pulse Width 'ctrl:ctrl|CmdULA[0]'
Slack : 0.500
TNS   : 0.000

------------------------------------------------------------
