------------------------------------------------------------
TimeQuest Timing Analyzer Summary
------------------------------------------------------------

Type  : Slow Model Setup 'ctrl:ctrl|CmdULA[0]'
Slack : -4.464
TNS   : -32.757

Type  : Slow Model Setup 'clk'
Slack : -2.824
TNS   : -243.009

Type  : Slow Model Setup 'ctrl:ctrl|LdPC'
Slack : -1.600
TNS   : -9.969

Type  : Slow Model Setup 'ctrl:ctrl|LdOUTPUT'
Slack : -0.326
TNS   : -0.399

Type  : Slow Model Hold 'clk'
Slack : -1.734
TNS   : -1.734

Type  : Slow Model Hold 'ctrl:ctrl|CmdULA[0]'
Slack : -1.666
TNS   : -11.902

Type  : Slow Model Hold 'ctrl:ctrl|LdOUTPUT'
Slack : 0.253
TNS   : 0.000

Type  : Slow Model Hold 'ctrl:ctrl|LdPC'
Slack : 0.737
TNS   : 0.000

Type  : Slow Model Minimum Pulse Width 'clk'
Slack : -1.423
TNS   : -160.684

Type  : Slow Model Minimum Pulse Width 'ctrl:ctrl|LdOUTPUT'
Slack : -0.500
TNS   : -8.000

Type  : Slow Model Minimum Pulse Width 'ctrl:ctrl|LdPC'
Slack : -0.500
TNS   : -8.000

Type  : Slow Model Minimum Pulse Width 'ctrl:ctrl|CmdULA[0]'
Slack : 0.500
TNS   : 0.000

Type  : Fast Model Setup 'ctrl:ctrl|CmdULA[0]'
Slack : -1.441
TNS   : -10.054

Type  : Fast Model Setup 'clk'
Slack : -0.979
TNS   : -67.906

Type  : Fast Model Setup 'ctrl:ctrl|LdPC'
Slack : -0.202
TNS   : -0.483

Type  : Fast Model Setup 'ctrl:ctrl|LdOUTPUT'
Slack : 0.500
TNS   : 0.000

Type  : Fast Model Hold 'clk'
Slack : -1.337
TNS   : -1.337

Type  : Fast Model Hold 'ctrl:ctrl|CmdULA[0]'
Slack : -1.179
TNS   : -8.760

Type  : Fast Model Hold 'ctrl:ctrl|LdOUTPUT'
Slack : -0.007
TNS   : -0.007

Type  : Fast Model Hold 'ctrl:ctrl|LdPC'
Slack : 0.360
TNS   : 0.000

Type  : Fast Model Minimum Pulse Width 'clk'
Slack : -1.423
TNS   : -160.684

Type  : Fast Model Minimum Pulse Width 'ctrl:ctrl|LdOUTPUT'
Slack : -0.500
TNS   : -8.000

Type  : Fast Model Minimum Pulse Width 'ctrl:ctrl|LdPC'
Slack : -0.500
TNS   : -8.000

Type  : Fast Model Minimum Pulse Width 'ctrl:ctrl|CmdULA[0]'
Slack : 0.500
TNS   : 0.000

------------------------------------------------------------
